Microsoft (R) Macro Assembler Version 14.29.30139.0	    03/12/22 19:16:14
3String Primitives and Macros   (stonjeff_proj6.asm	     Page 1 - 1


				TITLE String Primitives and Macros   (stonjeff_proj6.asm)

				; Author: Jeff "Gent" Stone
				; Last Modified: 3/12/2022
				; OSU email address: stonjeff@oregonstate.edu
				; Course number/section:   CS271 Section 400
				; Project Number: 6        Due Date: 3/13/2022
				; Description: This program implements two macros for string processing. The first macro
				;	displays messages and characters to the console as strings, using the Irvine Library
				;	WriteString procedure. The second macro uses ReadString to take user-input numeral 
				;	characters as strings. The user is prompted to enter 10 integers that will fit into a 32-bit
				;	register. Procedures (ReadVal and WriteVal) have been implemented to  cast the numeric
				;	strings to integers. As the integers are cast, they are stored in an array, the sum of
				;	the integers and the average (floor) are determined. 
				;	Finally, the integers are cast back to strings and all ten integers are displayed to 
				;	the console, along with the determined sum and average.
				;	**EC1 - Line numbers and a running subtoral are displayed for all valid entries.

				INCLUDE Irvine32.inc
			      C ; Include file for Irvine32.lib             (Irvine32.inc)
			      C 
			      C ;OPTION CASEMAP:NONE		; optional: make identifiers case-sensitive
			      C 
			      C INCLUDE SmallWin.inc		; MS-Windows prototypes, structures, and constants
			      C .NOLIST
			      C .LIST
			      C 
			      C INCLUDE VirtualKeys.inc
			      C ; VirtualKeys.inc
			      C .NOLIST
			      C .LIST
			      C 
			      C 
			      C .NOLIST
			      C .LIST
			      C 

				; ------------------------------------------------------------------------------------
				; Name: mDisplayString 
				; Description: This macro displays string statements to the console
				; Preconditions: Statement variables declared and passed by reference.
				; Postconditions: Statement displayed to console
				; Receives: stringAddr (input, reference)
				; Returns:  N/A
				; ------------------------------------------------------------------------------------
				mDisplayString	MACRO	stringAddr:REQ
				  push	edx
				  mov	edx,	stringAddr		; Address of string to be displayed moved to edx
				  call	WriteString
				  pop	edx
				ENDM

				; ------------------------------------------------------------------------------------
				; Name: mGetString
				; Description:	This macro displays a message prompt to user by invoking mDisplayString
				;				and then calls ReadString to receive keyboard input from user, which is 
				;				passed to a buffer with restricted size.
				; Preconditions:  Message prompt string & string buffer declared and addresses passed 
				;				  by reference. Size of buffer passed by value.
				; Postconditions: Prompt displayed and user-entered value returned in edx, size of user 
				;				  entry (in bytes) moved from eax to byteCount
				; Receives:	promptAddr, bufferAddr, BUFF_SIZE, where:
				;			promptAddr	= address of prompt message (input, reference)
				;			bufferAddr	= address of entered string/buffer (output, reference)
				;			BUFF_SIZE	= max length (23 bytes) of string (input, value)
				; Returns:	EDX = buffer address of user string
				;			EAX = number of characters entered which is moved to byteCount
				;			byteCount	= number of characters in bytes (output, reference)
				; ------------------------------------------------------------------------------------
				mGetString	MACRO	promptAddr:REQ, bufferAddr:REQ, byteCount:REQ
				  push	eax
				  push	ecx
				  push	edx
				  mDisplayString	promptAddr

				  mov	edx,		bufferAddr	; point to the buffer
				  mov	ecx,		BUFF_SIZE	; specify max characters allowed in string
				  call	ReadString				
				  mov	byteCount,	eax			; number of characters entered by user moved FROM EAX to byteCount
				  pop	edx
				  pop	ecx
				  pop	eax
				ENDM

 00000000			.const								

				; CONSTANTS
 = 0000000A			INT_COUNT	equ 10				; Length of integer array
 = 00000017			BUFF_SIZE	equ	23				; Length of string buffer (1 (+/-) + 11 (32-bit size values) + 11 for padding)

 00000000			.data

				; STATEMENTS
 00000000 50 72 6F 6A 65	  introMsg		BYTE	"Project 6: String Primitives and Macros.", 09, "By Gent Stone", 13, 10, 10, 0
	   63 74 20 36 3A
	   20 53 74 72 69
	   6E 67 20 50 72
	   69 6D 69 74 69
	   76 65 73 20 61
	   6E 64 20 4D 61
	   63 72 6F 73 2E
	   09 42 79 20 47
	   65 6E 74 20 53
	   74 6F 6E 65 0D
	   0A 0A 00
 0000003A 54 68 69 73 20	  intInstruct	BYTE	"This program will ask you to enter 10 signed integers.", 13, 10
	   70 72 6F 67 72
	   61 6D 20 77 69
	   6C 6C 20 61 73
	   6B 20 79 6F 75
	   20 74 6F 20 65
	   6E 74 65 72 20
	   31 30 20 73 69
	   67 6E 65 64 20
	   69 6E 74 65 67
	   65 72 73 2E 0D
	   0A
 00000072  45 61 63 68 20					BYTE	"Each of the integers and their sum must fit within a 32-bit register.", 13, 10
	   6F 66 20 74 68
	   65 20 69 6E 74
	   65 67 65 72 73
	   20 61 6E 64 20
	   74 68 65 69 72
	   20 73 75 6D 20
	   6D 75 73 74 20
	   66 69 74 20 77
	   69 74 68 69 6E
	   20 61 20 33 32
	   2D 62 69 74 20
	   72 65 67 69 73
	   74 65 72 2E 0D
	   0A
 000000B9  59 6F 75 20 63					BYTE	"You can only enter 0, + or - in front of the integers.", 13, 10
	   61 6E 20 6F 6E
	   6C 79 20 65 6E
	   74 65 72 20 30
	   2C 20 2B 20 6F
	   72 20 2D 20 69
	   6E 20 66 72 6F
	   6E 74 20 6F 66
	   20 74 68 65 20
	   69 6E 74 65 67
	   65 72 73 2E 0D
	   0A
 000000F1  54 68 65 20 70					BYTE	"The program will then display the 10 integers, their sum and truncated average.", 13, 10
	   72 6F 67 72 61
	   6D 20 77 69 6C
	   6C 20 74 68 65
	   6E 20 64 69 73
	   70 6C 61 79 20
	   74 68 65 20 31
	   30 20 69 6E 74
	   65 67 65 72 73
	   2C 20 74 68 65
	   69 72 20 73 75
	   6D 20 61 6E 64
	   20 74 72 75 6E
	   63 61 74 65 64
	   20 61 76 65 72
	   61 67 65 2E 0D
	   0A
 00000142  2A 2A 45 43 31					BYTE	"**EC1: Each line of valid input will display the line number and current subtotal.", 13, 10, 10, 0
	   3A 20 45 61 63
	   68 20 6C 69 6E
	   65 20 6F 66 20
	   76 61 6C 69 64
	   20 69 6E 70 75
	   74 20 77 69 6C
	   6C 20 64 69 73
	   70 6C 61 79 20
	   74 68 65 20 6C
	   69 6E 65 20 6E
	   75 6D 62 65 72
	   20 61 6E 64 20
	   63 75 72 72 65
	   6E 74 20 73 75
	   62 74 6F 74 61
	   6C 2E 0D 0A 0A
	   00
 00000198 45 6E 74 65 72	  intPromptMsg	BYTE	"Enter an integer: ", 0
	   20 61 6E 20 69
	   6E 74 65 67 65
	   72 3A 20 00
 000001AB 45 52 52 4F 52	  errorMsg		BYTE	"ERROR: Invalid input. Please try again!", 13, 10, 0
	   3A 20 49 6E 76
	   61 6C 69 64 20
	   69 6E 70 75 74
	   2E 20 50 6C 65
	   61 73 65 20 74
	   72 79 20 61 67
	   61 69 6E 21 0D
	   0A 00
 000001D5 54 68 65 20 63	  subtotalMsg	BYTE	"The current subtotal is: ", 0
	   75 72 72 65 6E
	   74 20 73 75 62
	   74 6F 74 61 6C
	   20 69 73 3A 20
	   00
 000001EF 59 6F 75 20 65	  enteredMsg	BYTE	"You entered the following integers:", 13, 10, 0
	   6E 74 65 72 65
	   64 20 74 68 65
	   20 66 6F 6C 6C
	   6F 77 69 6E 67
	   20 69 6E 74 65
	   67 65 72 73 3A
	   0D 0A 00
 00000215 54 68 65 20 73	  sumMsg		BYTE	"The sum of these integers is: ", 0
	   75 6D 20 6F 66
	   20 74 68 65 73
	   65 20 69 6E 74
	   65 67 65 72 73
	   20 69 73 3A 20
	   00
 00000234 54 68 65 20 74	  truncAvgMsg	BYTE	"The truncated average of these integers is: ", 0
	   72 75 6E 63 61
	   74 65 64 20 61
	   76 65 72 61 67
	   65 20 6F 66 20
	   74 68 65 73 65
	   20 69 6E 74 65
	   67 65 72 73 20
	   69 73 3A 20 00
 00000261 54 68 61 6E 6B	  byeMsg		BYTE	"Thanks for using this program. Goodbye!", 13, 10, 10, 0
	   73 20 66 6F 72
	   20 75 73 69 6E
	   67 20 74 68 69
	   73 20 70 72 6F
	   67 72 61 6D 2E
	   20 47 6F 6F 64
	   62 79 65 21 0D
	   0A 0A 00
 0000028C 2C 20 00		  spacer		BYTE	", ", 0
 0000028F 2E 20 00		  period		BYTE	". ", 0

				; VARIABLES
 00000292  0000000A [		  intArray		SDWORD	INT_COUNT	DUP(?)	; List to hold the user-entered integers
	    00000000
	   ]
 000002BA 00000000		  intSum		SDWORD	?					; Sum of integers
 000002BE 00000000		  intAvg		SDWORD	?					; Average of integers
 000002C2 00000000		  lineNum		DWORD	?					; Tracks current line number
 000002C6 00000000		  index			DWORD	0					; Used to increment index in intArray
 000002CA 00000000		  blank			DWORD	0					; User to NOT increment lineNum, intSum and intAvg
 000002CE 00000000		  stringCount	DWORD	?					; Tracks number of user-entered characters after 
															; ReadString called to set counter in char loop

 00000000			.code
 00000000			main PROC

				;---------------------------------------------------------------
				; Introduction - invoke mDisplayString and pass introMsg parameter
				;---------------------------------------------------------------
				  mDisplayString	OFFSET	introMsg
 00000000  52		     1	  push	edx
 00000001  BA 00000000 R     1	  mov	edx,	OFFSET	introMsg		; Address of string to be displayed moved to edx
 00000006  E8 00000000 E     1	  call	WriteString
 0000000B  5A		     1	  pop	edx
				  mDisplayString	OFFSET	intInstruct
 0000000C  52		     1	  push	edx
 0000000D  BA 0000003A R     1	  mov	edx,	OFFSET	intInstruct		; Address of string to be displayed moved to edx
 00000012  E8 00000000 E     1	  call	WriteString
 00000017  5A		     1	  pop	edx

				;---------------------------------------------------------------
				; Build Integer Array - Displays line number and then sets up loop 
				;	to call the ReadVal procedure which reads user character input 
				;	as a string, checks that string input is valid & then casts to 
				;	integer,then moves to integer array and returns to loop.
				;	Current subtotal is displayed by invoking mDisplayString with
				;	subtotal message and calling WriteVal to display subtotal.
				;	Then line number is incremented and loop continues until ECX = 0.
				;---------------------------------------------------------------
 00000018  B9 0000000A		  mov	ecx,		LENGTHOF	intArray
 0000001D  C7 05 000002C2 R	  mov	lineNum,	1
	   00000001
 00000027  BF 00000292 R	  mov	edi,		OFFSET		intArray

 0000002C			_BuildArray:								; Display line number by moving to ebx &
 0000002C  FF 35 000002CA R	  push	blank								; [ebp + 12]
 00000032  68 000002C2 R	  push	OFFSET		lineNum					; [ebp + 8]
 00000037  E8 000001D7		  call	WriteVal							; calling WriteVal
				  mDisplayString	OFFSET		period
 0000003C  52		     1	  push	edx
 0000003D  BA 0000028F R     1	  mov	edx,	OFFSET		period		; Address of string to be displayed moved to edx
 00000042  E8 00000000 E     1	  call	WriteString
 00000047  5A		     1	  pop	edx
															; Push statement parameters to
 00000048  FF 35 000002C6 R	  push	index								; [ebp + 24]												
 0000004E  68 000001AB R	  push	OFFSET		errorMsg				; [ebp + 20]
 00000053  68 00000198 R	  push	OFFSET		intPromptMsg			; [ebp + 16]
 00000058  68 00000292 R	  push	OFFSET		intArray				; [ebp + 12]
 0000005D  68 000002CE R	  push	OFFSET		stringCount				; [ebp + 8]
 00000062  E8 000000FC		  call	ReadVal								; and call ReadVal procedure

 00000067  8B 07		  mov	eax,		[edi]					; move entered value to eax
 00000069  01 05 000002BA R	  add	intSum,		eax						; increment subtotal
				  mDisplayString	OFFSET		subtotalMsg	; Display subtotal message
 0000006F  52		     1	  push	edx
 00000070  BA 000001D5 R     1	  mov	edx,	OFFSET		subtotalMsg		; Address of string to be displayed moved to edx
 00000075  E8 00000000 E     1	  call	WriteString
 0000007A  5A		     1	  pop	edx
 0000007B  FF 35 000002CA R	  push	blank								; [ebp + 12]
 00000081  68 000002BA R	  push	OFFSET		intSum					; [ebp + 8]
 00000086  E8 00000188		  call	WriteVal							; Display subtotal

 0000008B  E8 00000000 E	  call	CrLf
 00000090  83 C7 04		  add	edi,		TYPE		intArray	; iterate index of array (4 bytes)
 00000093  FF 05 000002C2 R	  inc	lineNum
 00000099  FF 05 000002C6 R	  inc	index
 0000009F  E2 8B		  LOOP	_BuildArray

				;---------------------------------------------------------------
				; Display integers - Invoke mDisplayString to display user-entered values message 
				;	and then push the address integer array and stringBuffer to WriteVal
				;	set a loop (size of intArray) to display all entered integers from the 
				;	the array as strings in WriteVal, separated by a spacer (comma and space)
				;	by invoking mDisplayString with the spacer string.
				;---------------------------------------------------------------
 000000A1  E8 00000000 E	  call	CrLf 
				  mDisplayString	OFFSET		enteredMsg	; Display integers entered message
 000000A6  52		     1	  push	edx
 000000A7  BA 000001EF R     1	  mov	edx,	OFFSET		enteredMsg		; Address of string to be displayed moved to edx
 000000AC  E8 00000000 E     1	  call	WriteString
 000000B1  5A		     1	  pop	edx
 000000B2  B9 0000000A		  mov	ecx,		LENGTHOF	intArray	; Set counter
 000000B7  BE 00000292 R	  mov	esi,		OFFSET		intArray
 000000BC  C7 05 000002C6 R	  mov	index,		0
	   00000000

 000000C6			_DisplayArray:
 000000C6  FF 35 000002C6 R	  push	index
 000000CC  68 00000292 R	  push	OFFSET		intArray				; [ebp + 8] push reference to address of intArray
 000000D1  E8 0000013D		  call	WriteVal

 000000D6  83 C6 04		  add	esi,		TYPE		intArray	; increment to next index address in array
 000000D9  83 F9 01		  cmp	ecx,		1						; Check whether integer is last in array
 000000DC  74 0C		  je	_NoSpacer
				  mDisplayString	OFFSET		spacer		; Invoke mDisplayString to display spacer
 000000DE  52		     1	  push	edx
 000000DF  BA 0000028C R     1	  mov	edx,	OFFSET		spacer		; Address of string to be displayed moved to edx
 000000E4  E8 00000000 E     1	  call	WriteString
 000000E9  5A		     1	  pop	edx

 000000EA			_NoSpacer:
 000000EA  FF 05 000002C6 R	  inc	index
 000000F0  E2 D4		  LOOP	_DisplayArray
 000000F2  E8 00000000 E	  call	CrLf

				;---------------------------------------------------------------
				; Display sum & average of the user-entered integers. 
				;	Current subtotal is known, so invoke mDisplayString to display
				;	sum message and then call WriteVal procedure to display sum.
				;	Divide sum by number of integers (10) and invoke mDisplayString
				;	to display the truncated average message and call WriteVal to 
				;	display the rounded (down) value. 
				;---------------------------------------------------------------
				  mDisplayString	OFFSET		sumMsg
 000000F7  52		     1	  push	edx
 000000F8  BA 00000215 R     1	  mov	edx,	OFFSET		sumMsg		; Address of string to be displayed moved to edx
 000000FD  E8 00000000 E     1	  call	WriteString
 00000102  5A		     1	  pop	edx
 00000103  FF 35 000002CA R	  push	blank								; [ebp + 12]
 00000109  68 000002BA R	  push	OFFSET		intSum					; [ebp + 8]
 0000010E  E8 00000100		  call	WriteVal
 00000113  E8 00000000 E	  call	CrLf

 00000118  A1 000002BA R	  mov	eax,		intSum
 0000011D  99			  cdq
 0000011E  BB 0000000A		  mov	ebx,		INT_COUNT
 00000123  F7 FB		  idiv	ebx									; Divide sum by # of values (10)	
 00000125  A3 000002BE R	  mov	intAvg,		eax						; to obtain average
				  mDisplayString	OFFSET		truncAvgMsg	; Invoke mDisplayString
 0000012A  52		     1	  push	edx
 0000012B  BA 00000234 R     1	  mov	edx,	OFFSET		truncAvgMsg		; Address of string to be displayed moved to edx
 00000130  E8 00000000 E     1	  call	WriteString
 00000135  5A		     1	  pop	edx
 00000136  FF 35 000002CA R	  push	blank								; [ebp + 12]
 0000013C  68 000002BE R	  push	OFFSET		intAvg					; [ebp + 8]
 00000141  E8 000000CD		  call	WriteVal							; Call WriteVal to display average
 00000146  E8 00000000 E	  call	CrLf
 0000014B  E8 00000000 E	  call	CrLf

				;---------------------------------------------------------------
				; Goodbye - invoke mDisplayString and pass byeMsg parameter
				;---------------------------------------------------------------
				  mDisplayString	OFFSET	 byeMsg
 00000150  52		     1	  push	edx
 00000151  BA 00000261 R     1	  mov	edx,	OFFSET	 byeMsg		; Address of string to be displayed moved to edx
 00000156  E8 00000000 E     1	  call	WriteString
 0000015B  5A		     1	  pop	edx

					Invoke ExitProcess,0	; exit to operating system
 0000015C  6A 00	   *	    push   +000000000h
 0000015E  E8 00000000 E   *	    call   ExitProcess

 00000163			main ENDP


				; ------------------------------------------------------------------------------------
				; Name: ReadVal procedure
				; Description:	Invokes mGetString to read string from user keyboard input, checks if valid 
				;				entry, casts from ASCII string to signed int, passes integer to main
				; Preconditions: stringBuffer, stringCount, intArray, intPromptMsg & errorMsg declared and passed
				; Postconditions: intArray with 10 valid (<= 32-bit) signed integers returned to loop in main
				; Receives: stringCount (input, value) = [ebp + 8] holds value of # of characters entered in string, 
				;	intArray (output, reference) = [ebp + 12] array to hold cast integers, 
				;	intPromptMsg (input, reference) = [ebp + 16] message to prompt user for integers, 
				;	errorMsg (input, reference) = [ebp + 20] message that user input is invalid
				;	index (input, value) = [ebp + 24] current index of edi in outer loop in main
				; Returns:  edi with array of user-entered integers
				; ------------------------------------------------------------------------------------
 00000163			ReadVal	PROC
				  LOCAL accum:SDWORD, sign:SDWORD, stringBuffer[23]:BYTE			
															; Declaring LOCAL variables pushes ebp and moves esp to ebp
															; accum = temp variable for current accumulator value
				  											; sign  = variable which sets current integer + or - 
															; stringBuffer = array for holding user-entered string
 00000163  55		   *	    push   ebp
 00000164  8B EC	   *	    mov    ebp, esp
 00000166  83 C4 E0	   *	    add    esp, 0FFFFFFE0h
 00000169  50			  push  eax
 0000016A  53			  push	ebx
 0000016B  51			  push	ecx
 0000016C  52			  push	edx
 0000016D  56			  push	esi
 0000016E  57			  push	edi

 0000016F			_GetString:
 0000016F  8D 75 E1		  lea	esi,	stringBuffer
				  mGetString	[ebp + 16], esi, [ebp + 8]	; invoke macro to prompt user & get string
 00000172  50		     1	  push	eax
 00000173  51		     1	  push	ecx
 00000174  52		     1	  push	edx
 00000175  52		     2	  push	edx
 00000176  8B 55 10	     2	  mov	edx,	[ebp + 16]		; Address of string to be displayed moved to edx
 00000179  E8 00000000 E     2	  call	WriteString
 0000017E  5A		     2	  pop	edx
 0000017F  8B D6	     1	  mov	edx,		esi	; point to the buffer
 00000181  B9 00000017	     1	  mov	ecx,		BUFF_SIZE	; specify max characters allowed in string
 00000186  E8 00000000 E     1	  call	ReadString				
 0000018B  89 45 08	     1	  mov	[ebp + 8],	eax			; number of characters entered by user moved FROM EAX to byteCount
 0000018E  5A		     1	  pop	edx
 0000018F  59		     1	  pop	ecx
 00000190  58		     1	  pop	eax
 00000191  8B 4D 08		  mov	ecx,	[ebp + 8]					; Set counter to length of string
 00000194  8D 75 E1		  lea	esi,	stringBuffer
 00000197  8B 7D 0C		  mov	edi,	[ebp + 12]					; Move address of intArray to edi
 0000019A  8B 45 18		  mov	eax,	[ebp + 24]					; Move value in index to eax
 0000019D  BB 00000004		  mov	ebx,	4
 000001A2  F7 E3		  mul	ebx
 000001A4  03 F8		  add	edi,	eax							; increment array to next index
 000001A6  C7 45 F8		  mov	sign,	1							; Set depending on input of user (1 - pos or -1 - neg)
	   00000001
 000001AD  FC			  CLD										; Set direction flag to terate forward through array

 000001AE  AC			  LODSB										; mov al, [esi] & inc esi
 000001AF  3C 2B		  cmp	al,		43							; & check whether first character is
 000001B1  74 15		  je	_PlusChar							; + or
 000001B3  3C 2D		  cmp	al,		45
 000001B5  74 0A		  je	_MinusChar							; - symbol and then
 000001B7  83 EE 01		  sub	esi,	TYPE		stringBuffer	; If no +/- symbol then dec esi to check digit
 000001BA  B8 00000000		  mov	eax,	0							; empty the upper range of the accumulator
 000001BF  EB 0D		  jmp	_CharCheck

 000001C1			_MinusChar:									; set sign accordingly to
 000001C1  C7 45 F8		  mov	sign,	-1							; negative signed integer
	   FFFFFFFF
 000001C8			_PlusChar:									; is positive signed integer
 000001C8  49			  dec	ecx
 000001C9  B8 00000000		  mov	eax,	0							; empty the upper range of the accumulator

 000001CE			_CharCheck:
 000001CE  BB 0000000A		  mov	ebx,	10
 000001D3  F7 EB		  imul	ebx									; multiply accumulator by 10 & if overflow flag
 000001D5  70 23		  jo	_Error								; set then invalid entry (exceeds register)
 000001D7  89 45 FC		  mov	accum,	eax							; Save current accumulator
 000001DA  33 C0		  xor	eax,	eax
 000001DC  AC			  LODSB										; Increment ESI
 000001DD  3C 30		  cmp	al,		48							; if less than 0 or
 000001DF  72 19		  jb	_Error
 000001E1  3C 39		  cmp	al,		57							; greater than 9 then invalid entry
 000001E3  77 15		  ja	_Error
 000001E5  2C 30		  sub	al,		48							; subtract 48 to cast ASCII to int
 000001E7  83 7D F8 01		  cmp	sign,	1
 000001EB  74 02		  je	_Positive
 000001ED  F7 D8		  neg	eax									; * -1 if sign is negative

 000001EF			_Positive:
 000001EF  03 45 FC		  add	eax,	accum						; Return accumulator
 000001F2  70 06		  jo	_Error								; If overflow then invalid, otherwise
 000001F4  E2 D8		  LOOP	_CharCheck

 000001F6  89 07		  mov	[edi],	eax							; move current integer to intArray
 000001F8  EB 0F		  jmp	_End

 000001FA			_Error:
				  mdisplayString [ebp + 20]					; Display error message and
 000001FA  52		     1	  push	edx
 000001FB  8B 55 14	     1	  mov	edx,	[ebp + 20]		; Address of string to be displayed moved to edx
 000001FE  E8 00000000 E     1	  call	WriteString
 00000203  5A		     1	  pop	edx
 00000204  E9 FFFFFF66		  jmp	_GetString							; return to prompt and get new string entry

 00000209			_End:
				  
 00000209  5F			  pop	edi
 0000020A  5E			  pop	esi
 0000020B  5A			  pop	edx
 0000020C  59			  pop	ecx
 0000020D  5B			  pop	ebx
 0000020E  58			  pop	eax
 0000020F  C9		   *	    leave  
 00000210  C2 0014		  ret 20									; return to main
 00000213			ReadVal	ENDP

				; ------------------------------------------------------------------------------------
				; Name: WriteVal procedure
				; Description: Casts integers within the array to ASCII strings and invokes mDisplayString 
				;	to display values to the console.
				; Preconditions:	Array filled with 10 SDWORD integers
				; Postconditions:	Integer is displayed to console
				; Receives: address of intArray (input, reference) =  [ebp + 8] or
				;	lineNum/intSum/intAvg values (input, indirect operand) = [ebp+ 8]
				; Returns:  N/A
				; ------------------------------------------------------------------------------------
 00000213			WriteVal	PROC
				  LOCAL	num:SDWORD,	sign:SDWORD, stringBuffer[23]:BYTE			
															; num  = variable to hold current integer
															; sign = variable to set current integer as + or -
															; stringBuffer = array for holding string to be displayed
 00000213  55		   *	    push   ebp
 00000214  8B EC	   *	    mov    ebp, esp
 00000216  83 C4 E0	   *	    add    esp, 0FFFFFFE0h
 00000219  50			  push  eax
 0000021A  53			  push	ebx
 0000021B  51			  push	ecx
 0000021C  52			  push	edx
 0000021D  56			  push	esi
 0000021E  57			  push	edi

 0000021F  8B 75 08		  mov	esi,	[ebp + 8]					; Move address of lineNum, intArray, intSum or intAvg to esi
 00000222  8B 45 0C		  mov	eax,	[ebp + 12]					; Move value in index (or blank for non-array values) to eax
 00000225  BB 00000004		  mov	ebx,	4
 0000022A  F7 E3		  mul	ebx
 0000022C  03 F0		  add	esi,	eax							; increment index of array 
 0000022E  8B 06		  mov	eax,	[esi]						; Move the value at current index of intArray (or value of lineNum, intSum or intAvg) to eax
 00000230  89 45 FC		  mov	num,	eax
 00000233  C7 45 F8		  mov	sign,	1							; Initialize sign to 1 (+)
	   00000001
 0000023A  8D 7D E1		  lea	edi,	stringBuffer				; Move address of stringBuffer array to edi
 0000023D  B9 00000017		  mov	ecx,	LENGTHOF	stringBuffer	; Set ecx to SIZEOF stringBuffer 
 00000242  03 F9		  add	edi,	ecx							; Move through length of stringBuffer - 1 to
 00000244  83 EF 01		  sub	edi,	TYPE		stringBuffer	; Point to last index of array
 00000247  FD			  STD										; Set direction flag to decrement backward thru array

 00000248  B0 00		  mov	al,		0							; Add a null-terminator at end of string
 0000024A  AA			  STOSB										; mov [edi], al & dec edi

 0000024B  83 7D FC 00		  cmp	num,	0							; If value is negative then
 0000024F  7D 0A		  jge	_WriteString
 00000251  C7 45 F8		  mov	sign,	-1							; set sign to negative and
	   FFFFFFFF
 00000258  F7 5D FC		  neg	num									; make value positive

 0000025B			_WriteString:
 0000025B  8B 45 FC		  mov	eax,	num							; Move value to accumulator
 0000025E  33 D2		  xor	edx,	edx
 00000260  BB 0000000A		  mov	ebx,	10
 00000265  F7 F3		  div	ebx									; Divide by 10
 00000267  89 45 FC		  mov	num,	eax							; Store quotient
 0000026A  8B C2		  mov	eax,	edx
 0000026C  04 30		  add	al,		48							; Cast to ASCII string
 0000026E  AA			  STOSB										; mov [edi], al & dec edi

 0000026F  83 7D FC 00		  cmp	num,	0							; Check to see if last value
 00000273  75 E6		  jne	_WriteString						; otherwise iterate

 00000275  83 7D F8 FF		  cmp	sign,	-1							; Check to see if value is negative
 00000279  75 03		  jne	_DisplayString						; If not, move to display string
 0000027B  B0 2D		  mov	al,		"-"							; otherwise add negative symbol
 0000027D  AA			  STOSB										; mov [edi], al & dec edi

 0000027E			_DisplayString:
 0000027E  83 C7 01		  add	edi,	TYPE		stringBuffer
				  mDisplayString	edi
 00000281  52		     1	  push	edx
 00000282  8B D7	     1	  mov	edx,	edi		; Address of string to be displayed moved to edx
 00000284  E8 00000000 E     1	  call	WriteString
 00000289  5A		     1	  pop	edx

 0000028A  5F			  pop	edi
 0000028B  5E			  pop	esi
 0000028C  5A			  pop	edx
 0000028D  59			  pop	ecx
 0000028E  5B			  pop	ebx
 0000028F  58			  pop	eax
 00000290  C9		   *	    leave  
 00000291  C2 0008		  ret 8
 00000294			WriteVal	ENDP

				END main
Microsoft (R) Macro Assembler Version 14.29.30139.0	    03/12/22 19:16:14
3String Primitives and Macros   (stonjeff_proj6.asm	     Symbols 2 - 1




Macros:

                N a m e                 Type

mDisplayString . . . . . . . . .	Proc
mGetString . . . . . . . . . . .	Proc


Structures and Unions:

                N a m e                  Size
                                         Offset      Type

CONSOLE_CURSOR_INFO  . . . . . .	 00000008
  dwSize . . . . . . . . . . . .	 00000000	 DWord
  bVisible . . . . . . . . . . .	 00000004	 DWord
CONSOLE_SCREEN_BUFFER_INFO . . .	 00000016
  dwSize . . . . . . . . . . . .	 00000000	 DWord
  dwCursorPosition . . . . . . .	 00000004	 DWord
  wAttributes  . . . . . . . . .	 00000008	 Word
  srWindow . . . . . . . . . . .	 0000000A	 QWord
  dwMaximumWindowSize  . . . . .	 00000012	 DWord
COORD  . . . . . . . . . . . . .	 00000004
  X  . . . . . . . . . . . . . .	 00000000	 Word
  Y  . . . . . . . . . . . . . .	 00000002	 Word
FILETIME . . . . . . . . . . . .	 00000008
  loDateTime . . . . . . . . . .	 00000000	 DWord
  hiDateTime . . . . . . . . . .	 00000004	 DWord
FOCUS_EVENT_RECORD . . . . . . .	 00000004
  bSetFocus  . . . . . . . . . .	 00000000	 DWord
FPU_ENVIRON  . . . . . . . . . .	 0000001C
  controlWord  . . . . . . . . .	 00000000	 Word
  statusWord . . . . . . . . . .	 00000004	 Word
  tagWord  . . . . . . . . . . .	 00000008	 Word
  instrPointerOffset . . . . . .	 0000000C	 DWord
  instrPointerSelector . . . . .	 00000010	 DWord
  operandPointerOffset . . . . .	 00000014	 DWord
  operandPointerSelector . . . .	 00000018	 Word
INPUT_RECORD . . . . . . . . . .	 00000014
  EventType  . . . . . . . . . .	 00000000	 Word
  Event  . . . . . . . . . . . .	 00000004	 XmmWord
  bKeyDown . . . . . . . . . . .	 00000000	 DWord
  wRepeatCount . . . . . . . . .	 00000004	 Word
  wVirtualKeyCode  . . . . . . .	 00000006	 Word
  wVirtualScanCode . . . . . . .	 00000008	 Word
  uChar  . . . . . . . . . . . .	 0000000A	 Word
  UnicodeChar  . . . . . . . . .	 00000000	 Word
  AsciiChar  . . . . . . . . . .	 00000000	 Byte
  dwControlKeyState  . . . . . .	 0000000C	 DWord
  dwMousePosition  . . . . . . .	 00000000	 DWord
  dwButtonState  . . . . . . . .	 00000004	 DWord
  dwMouseControlKeyState . . . .	 00000008	 DWord
  dwEventFlags . . . . . . . . .	 0000000C	 DWord
  dwSize . . . . . . . . . . . .	 00000000	 DWord
  dwCommandId  . . . . . . . . .	 00000000	 DWord
  bSetFocus  . . . . . . . . . .	 00000000	 DWord
KEY_EVENT_RECORD . . . . . . . .	 00000010
  bKeyDown . . . . . . . . . . .	 00000000	 DWord
  wRepeatCount . . . . . . . . .	 00000004	 Word
  wVirtualKeyCode  . . . . . . .	 00000006	 Word
  wVirtualScanCode . . . . . . .	 00000008	 Word
  uChar  . . . . . . . . . . . .	 0000000A	 Word
  UnicodeChar  . . . . . . . . .	 00000000	 Word
  AsciiChar  . . . . . . . . . .	 00000000	 Byte
  dwControlKeyState  . . . . . .	 0000000C	 DWord
MENU_EVENT_RECORD  . . . . . . .	 00000004
  dwCommandId  . . . . . . . . .	 00000000	 DWord
MOUSE_EVENT_RECORD . . . . . . .	 00000010
  dwMousePosition  . . . . . . .	 00000000	 DWord
  dwButtonState  . . . . . . . .	 00000004	 DWord
  dwMouseControlKeyState . . . .	 00000008	 DWord
  dwEventFlags . . . . . . . . .	 0000000C	 DWord
SMALL_RECT . . . . . . . . . . .	 00000008
  Left . . . . . . . . . . . . .	 00000000	 Word
  Top  . . . . . . . . . . . . .	 00000002	 Word
  Right  . . . . . . . . . . . .	 00000004	 Word
  Bottom . . . . . . . . . . . .	 00000006	 Word
SYSTEMTIME . . . . . . . . . . .	 00000010
  wYear  . . . . . . . . . . . .	 00000000	 Word
  wMonth . . . . . . . . . . . .	 00000002	 Word
  wDayOfWeek . . . . . . . . . .	 00000004	 Word
  wDay . . . . . . . . . . . . .	 00000006	 Word
  wHour  . . . . . . . . . . . .	 00000008	 Word
  wMinute  . . . . . . . . . . .	 0000000A	 Word
  wSecond  . . . . . . . . . . .	 0000000C	 Word
  wMilliseconds  . . . . . . . .	 0000000E	 Word
WINDOW_BUFFER_SIZE_RECORD  . . .	 00000004
  dwSize . . . . . . . . . . . .	 00000000	 DWord


Segments and Groups:

                N a m e                 Size     Length   Align   Combine Class

CONST  . . . . . . . . . . . . .	32 Bit	 00000000 Para	  Public  'CONST'	 ReadOnly
FLAT . . . . . . . . . . . . . .	GROUP
STACK  . . . . . . . . . . . . .	32 Bit	 00001000 Para	  Stack	  'STACK'	 
_DATA  . . . . . . . . . . . . .	32 Bit	 000002D2 Para	  Public  'DATA'	
_TEXT  . . . . . . . . . . . . .	32 Bit	 00000294 Para	  Public  'CODE'	


Procedures, parameters, and locals:

                N a m e                 Type     Value    Attr

CloseFile  . . . . . . . . . . .	P Near	 00000000 FLAT	Length= 00000000 External STDCALL
CloseHandle  . . . . . . . . . .	P Near	 00000000 FLAT	Length= 00000000 External STDCALL
Clrscr . . . . . . . . . . . . .	P Near	 00000000 FLAT	Length= 00000000 External STDCALL
CreateFileA  . . . . . . . . . .	P Near	 00000000 FLAT	Length= 00000000 External STDCALL
CreateOutputFile . . . . . . . .	P Near	 00000000 FLAT	Length= 00000000 External STDCALL
Crlf . . . . . . . . . . . . . .	P Near	 00000000 FLAT	Length= 00000000 External STDCALL
Delay  . . . . . . . . . . . . .	P Near	 00000000 FLAT	Length= 00000000 External STDCALL
DumpMem  . . . . . . . . . . . .	P Near	 00000000 FLAT	Length= 00000000 External STDCALL
DumpRegs . . . . . . . . . . . .	P Near	 00000000 FLAT	Length= 00000000 External STDCALL
ExitProcess  . . . . . . . . . .	P Near	 00000000 FLAT	Length= 00000000 External STDCALL
FileTimeToDosDateTime  . . . . .	P Near	 00000000 FLAT	Length= 00000000 External STDCALL
FileTimeToSystemTime . . . . . .	P Near	 00000000 FLAT	Length= 00000000 External STDCALL
FlushConsoleInputBuffer  . . . .	P Near	 00000000 FLAT	Length= 00000000 External STDCALL
FormatMessageA . . . . . . . . .	P Near	 00000000 FLAT	Length= 00000000 External STDCALL
GetCommandLineA  . . . . . . . .	P Near	 00000000 FLAT	Length= 00000000 External STDCALL
GetCommandTail . . . . . . . . .	P Near	 00000000 FLAT	Length= 00000000 External STDCALL
GetConsoleCP . . . . . . . . . .	P Near	 00000000 FLAT	Length= 00000000 External STDCALL
GetConsoleCursorInfo . . . . . .	P Near	 00000000 FLAT	Length= 00000000 External STDCALL
GetConsoleMode . . . . . . . . .	P Near	 00000000 FLAT	Length= 00000000 External STDCALL
GetConsoleScreenBufferInfo . . .	P Near	 00000000 FLAT	Length= 00000000 External STDCALL
GetDateTime  . . . . . . . . . .	P Near	 00000000 FLAT	Length= 00000000 External STDCALL
GetFileTime  . . . . . . . . . .	P Near	 00000000 FLAT	Length= 00000000 External STDCALL
GetKeyState  . . . . . . . . . .	P Near	 00000000 FLAT	Length= 00000000 External STDCALL
GetLastError . . . . . . . . . .	P Near	 00000000 FLAT	Length= 00000000 External STDCALL
GetLocalTime . . . . . . . . . .	P Near	 00000000 FLAT	Length= 00000000 External STDCALL
GetMaxXY . . . . . . . . . . . .	P Near	 00000000 FLAT	Length= 00000000 External STDCALL
GetMseconds  . . . . . . . . . .	P Near	 00000000 FLAT	Length= 00000000 External STDCALL
GetNumberOfConsoleInputEvents  .	P Near	 00000000 FLAT	Length= 00000000 External STDCALL
GetProcessHeap . . . . . . . . .	P Near	 00000000 FLAT	Length= 00000000 External STDCALL
GetStdHandle . . . . . . . . . .	P Near	 00000000 FLAT	Length= 00000000 External STDCALL
GetSystemTime  . . . . . . . . .	P Near	 00000000 FLAT	Length= 00000000 External STDCALL
GetTextColor . . . . . . . . . .	P Near	 00000000 FLAT	Length= 00000000 External STDCALL
GetTickCount . . . . . . . . . .	P Near	 00000000 FLAT	Length= 00000000 External STDCALL
Gotoxy . . . . . . . . . . . . .	P Near	 00000000 FLAT	Length= 00000000 External STDCALL
HeapAlloc  . . . . . . . . . . .	P Near	 00000000 FLAT	Length= 00000000 External STDCALL
HeapCreate . . . . . . . . . . .	P Near	 00000000 FLAT	Length= 00000000 External STDCALL
HeapDestroy  . . . . . . . . . .	P Near	 00000000 FLAT	Length= 00000000 External STDCALL
HeapFree . . . . . . . . . . . .	P Near	 00000000 FLAT	Length= 00000000 External STDCALL
HeapSize . . . . . . . . . . . .	P Near	 00000000 FLAT	Length= 00000000 External STDCALL
IsDigit  . . . . . . . . . . . .	P Near	 00000000 FLAT	Length= 00000000 External STDCALL
LocalFree  . . . . . . . . . . .	P Near	 00000000 FLAT	Length= 00000000 External STDCALL
MessageBoxA  . . . . . . . . . .	P Near	 00000000 FLAT	Length= 00000000 External STDCALL
MsgBoxAsk  . . . . . . . . . . .	P Near	 00000000 FLAT	Length= 00000000 External STDCALL
MsgBox . . . . . . . . . . . . .	P Near	 00000000 FLAT	Length= 00000000 External STDCALL
OpenInputFile  . . . . . . . . .	P Near	 00000000 FLAT	Length= 00000000 External STDCALL
ParseDecimal32 . . . . . . . . .	P Near	 00000000 FLAT	Length= 00000000 External STDCALL
ParseInteger32 . . . . . . . . .	P Near	 00000000 FLAT	Length= 00000000 External STDCALL
PeekConsoleInputA  . . . . . . .	P Near	 00000000 FLAT	Length= 00000000 External STDCALL
Random32 . . . . . . . . . . . .	P Near	 00000000 FLAT	Length= 00000000 External STDCALL
RandomRange  . . . . . . . . . .	P Near	 00000000 FLAT	Length= 00000000 External STDCALL
Randomize  . . . . . . . . . . .	P Near	 00000000 FLAT	Length= 00000000 External STDCALL
ReadChar . . . . . . . . . . . .	P Near	 00000000 FLAT	Length= 00000000 External STDCALL
ReadConsoleA . . . . . . . . . .	P Near	 00000000 FLAT	Length= 00000000 External STDCALL
ReadConsoleInputA  . . . . . . .	P Near	 00000000 FLAT	Length= 00000000 External STDCALL
ReadDec  . . . . . . . . . . . .	P Near	 00000000 FLAT	Length= 00000000 External STDCALL
ReadFile . . . . . . . . . . . .	P Near	 00000000 FLAT	Length= 00000000 External STDCALL
ReadFloat  . . . . . . . . . . .	P Near	 00000000 FLAT	Length= 00000000 External STDCALL
ReadFromFile . . . . . . . . . .	P Near	 00000000 FLAT	Length= 00000000 External STDCALL
ReadHex  . . . . . . . . . . . .	P Near	 00000000 FLAT	Length= 00000000 External STDCALL
ReadInt  . . . . . . . . . . . .	P Near	 00000000 FLAT	Length= 00000000 External STDCALL
ReadKeyFlush . . . . . . . . . .	P Near	 00000000 FLAT	Length= 00000000 External STDCALL
ReadKey  . . . . . . . . . . . .	P Near	 00000000 FLAT	Length= 00000000 External STDCALL
ReadString . . . . . . . . . . .	P Near	 00000000 FLAT	Length= 00000000 External STDCALL
ReadVal  . . . . . . . . . . . .	P Near	 00000163 _TEXT	Length= 000000B0 Public STDCALL
  accum  . . . . . . . . . . . .	DWord	 bp - 00000004
  sign . . . . . . . . . . . . .	DWord	 bp - 00000008
  stringBuffer . . . . . . . . .	Byte	 bp - 0000001F
  _GetString . . . . . . . . . .	L Near	 0000016F _TEXT	
  _MinusChar . . . . . . . . . .	L Near	 000001C1 _TEXT	
  _PlusChar  . . . . . . . . . .	L Near	 000001C8 _TEXT	
  _CharCheck . . . . . . . . . .	L Near	 000001CE _TEXT	
  _Positive  . . . . . . . . . .	L Near	 000001EF _TEXT	
  _Error . . . . . . . . . . . .	L Near	 000001FA _TEXT	
  _End . . . . . . . . . . . . .	L Near	 00000209 _TEXT	
SetConsoleCursorInfo . . . . . .	P Near	 00000000 FLAT	Length= 00000000 External STDCALL
SetConsoleCursorPosition . . . .	P Near	 00000000 FLAT	Length= 00000000 External STDCALL
SetConsoleMode . . . . . . . . .	P Near	 00000000 FLAT	Length= 00000000 External STDCALL
SetConsoleScreenBufferSize . . .	P Near	 00000000 FLAT	Length= 00000000 External STDCALL
SetConsoleTextAttribute  . . . .	P Near	 00000000 FLAT	Length= 00000000 External STDCALL
SetConsoleTitleA . . . . . . . .	P Near	 00000000 FLAT	Length= 00000000 External STDCALL
SetConsoleWindowInfo . . . . . .	P Near	 00000000 FLAT	Length= 00000000 External STDCALL
SetFilePointer . . . . . . . . .	P Near	 00000000 FLAT	Length= 00000000 External STDCALL
SetLocalTime . . . . . . . . . .	P Near	 00000000 FLAT	Length= 00000000 External STDCALL
SetTextColor . . . . . . . . . .	P Near	 00000000 FLAT	Length= 00000000 External STDCALL
ShowFPUStack . . . . . . . . . .	P Near	 00000000 FLAT	Length= 00000000 External STDCALL
Sleep  . . . . . . . . . . . . .	P Near	 00000000 FLAT	Length= 00000000 External STDCALL
StrLength  . . . . . . . . . . .	P Near	 00000000 FLAT	Length= 00000000 External STDCALL
Str_compare  . . . . . . . . . .	P Near	 00000000 FLAT	Length= 00000000 External STDCALL
Str_copy . . . . . . . . . . . .	P Near	 00000000 FLAT	Length= 00000000 External STDCALL
Str_length . . . . . . . . . . .	P Near	 00000000 FLAT	Length= 00000000 External STDCALL
Str_trim . . . . . . . . . . . .	P Near	 00000000 FLAT	Length= 00000000 External STDCALL
Str_ucase  . . . . . . . . . . .	P Near	 00000000 FLAT	Length= 00000000 External STDCALL
SystemTimeToFileTime . . . . . .	P Near	 00000000 FLAT	Length= 00000000 External STDCALL
WaitMsg  . . . . . . . . . . . .	P Near	 00000000 FLAT	Length= 00000000 External STDCALL
WriteBinB  . . . . . . . . . . .	P Near	 00000000 FLAT	Length= 00000000 External STDCALL
WriteBin . . . . . . . . . . . .	P Near	 00000000 FLAT	Length= 00000000 External STDCALL
WriteChar  . . . . . . . . . . .	P Near	 00000000 FLAT	Length= 00000000 External STDCALL
WriteConsoleA  . . . . . . . . .	P Near	 00000000 FLAT	Length= 00000000 External STDCALL
WriteConsoleOutputAttribute  . .	P Near	 00000000 FLAT	Length= 00000000 External STDCALL
WriteConsoleOutputCharacterA . .	P Near	 00000000 FLAT	Length= 00000000 External STDCALL
WriteDec . . . . . . . . . . . .	P Near	 00000000 FLAT	Length= 00000000 External STDCALL
WriteFile  . . . . . . . . . . .	P Near	 00000000 FLAT	Length= 00000000 External STDCALL
WriteFloat . . . . . . . . . . .	P Near	 00000000 FLAT	Length= 00000000 External STDCALL
WriteHexB  . . . . . . . . . . .	P Near	 00000000 FLAT	Length= 00000000 External STDCALL
WriteHex . . . . . . . . . . . .	P Near	 00000000 FLAT	Length= 00000000 External STDCALL
WriteInt . . . . . . . . . . . .	P Near	 00000000 FLAT	Length= 00000000 External STDCALL
WriteStackFrameName  . . . . . .	P Near	 00000000 FLAT	Length= 00000000 External STDCALL
WriteStackFrame  . . . . . . . .	P Near	 00000000 FLAT	Length= 00000000 External STDCALL
WriteString  . . . . . . . . . .	P Near	 00000000 FLAT	Length= 00000000 External STDCALL
WriteToFile  . . . . . . . . . .	P Near	 00000000 FLAT	Length= 00000000 External STDCALL
WriteVal . . . . . . . . . . . .	P Near	 00000213 _TEXT	Length= 00000081 Public STDCALL
  num  . . . . . . . . . . . . .	DWord	 bp - 00000004
  sign . . . . . . . . . . . . .	DWord	 bp - 00000008
  stringBuffer . . . . . . . . .	Byte	 bp - 0000001F
  _WriteString . . . . . . . . .	L Near	 0000025B _TEXT	
  _DisplayString . . . . . . . .	L Near	 0000027E _TEXT	
WriteWindowsMsg  . . . . . . . .	P Near	 00000000 FLAT	Length= 00000000 External STDCALL
main . . . . . . . . . . . . . .	P Near	 00000000 _TEXT	Length= 00000163 Public STDCALL
  _BuildArray  . . . . . . . . .	L Near	 0000002C _TEXT	
  _DisplayArray  . . . . . . . .	L Near	 000000C6 _TEXT	
  _NoSpacer  . . . . . . . . . .	L Near	 000000EA _TEXT	
printf . . . . . . . . . . . . .	P Near	 00000000 FLAT	Length= 00000000 External C
scanf  . . . . . . . . . . . . .	P Near	 00000000 FLAT	Length= 00000000 External C
wsprintfA  . . . . . . . . . . .	P Near	 00000000 FLAT	Length= 00000000 External C


Symbols:

                N a m e                 Type     Value    Attr

@CodeSize  . . . . . . . . . . .	Number	 00000000h   
@DataSize  . . . . . . . . . . .	Number	 00000000h   
@Interface . . . . . . . . . . .	Number	 00000003h   
@Model . . . . . . . . . . . . .	Number	 00000007h   
@code  . . . . . . . . . . . . .	Text   	 _TEXT
@data  . . . . . . . . . . . . .	Text   	 FLAT
@fardata?  . . . . . . . . . . .	Text   	 FLAT
@fardata . . . . . . . . . . . .	Text   	 FLAT
@stack . . . . . . . . . . . . .	Text   	 FLAT
ALT_MASK . . . . . . . . . . . .	Number	 00000003h   
BUFF_SIZE  . . . . . . . . . . .	Number	 00000017h   
CAPSLOCK_ON  . . . . . . . . . .	Number	 00000080h   
CREATE_ALWAYS  . . . . . . . . .	Number	 00000002h   
CREATE_NEW . . . . . . . . . . .	Number	 00000001h   
CTRL_MASK  . . . . . . . . . . .	Number	 0000000Ch   
CreateFile . . . . . . . . . . .	Text   	 CreateFileA
DO_NOT_SHARE . . . . . . . . . .	Number	 00000000h   
ENABLE_ECHO_INPUT  . . . . . . .	Number	 00000004h   
ENABLE_LINE_INPUT  . . . . . . .	Number	 00000002h   
ENABLE_MOUSE_INPUT . . . . . . .	Number	 00000010h   
ENABLE_PROCESSED_INPUT . . . . .	Number	 00000001h   
ENABLE_PROCESSED_OUTPUT  . . . .	Number	 00000001h   
ENABLE_WINDOW_INPUT  . . . . . .	Number	 00000008h   
ENABLE_WRAP_AT_EOL_OUTPUT  . . .	Number	 00000002h   
ENHANCED_KEY . . . . . . . . . .	Number	 00000100h   
FALSE  . . . . . . . . . . . . .	Number	 00000000h   
FILE_APPEND_DATA . . . . . . . .	Number	 00000004h   
FILE_ATTRIBUTE_ARCHIVE . . . . .	Number	 00000020h   
FILE_ATTRIBUTE_COMPRESSED  . . .	Number	 00000800h   
FILE_ATTRIBUTE_DEVICE  . . . . .	Number	 00000040h   
FILE_ATTRIBUTE_DIRECTORY . . . .	Number	 00000010h   
FILE_ATTRIBUTE_ENCRYPTED . . . .	Number	 00004000h   
FILE_ATTRIBUTE_HIDDEN  . . . . .	Number	 00000002h   
FILE_ATTRIBUTE_NORMAL  . . . . .	Number	 00000080h   
FILE_ATTRIBUTE_NOT_CONTENT_INDEXED .	Number	 00002000h   
FILE_ATTRIBUTE_OFFLINE . . . . .	Number	 00001000h   
FILE_ATTRIBUTE_READONLY  . . . .	Number	 00000001h   
FILE_ATTRIBUTE_REPARSE_POINT . .	Number	 00000400h   
FILE_ATTRIBUTE_SPARSE_FILE . . .	Number	 00000200h   
FILE_ATTRIBUTE_SYSTEM  . . . . .	Number	 00000004h   
FILE_ATTRIBUTE_TEMPORARY . . . .	Number	 00000100h   
FILE_BEGIN . . . . . . . . . . .	Number	 00000000h   
FILE_CURRENT . . . . . . . . . .	Number	 00000001h   
FILE_DELETE_CHILD  . . . . . . .	Number	 00000040h   
FILE_END . . . . . . . . . . . .	Number	 00000002h   
FILE_READ_DATA . . . . . . . . .	Number	 00000001h   
FILE_SHARE_DELETE  . . . . . . .	Number	 00000004h   
FILE_SHARE_READ  . . . . . . . .	Number	 00000001h   
FILE_SHARE_WRITE . . . . . . . .	Number	 00000002h   
FILE_WRITE_DATA  . . . . . . . .	Number	 00000002h   
FOCUS_EVENT  . . . . . . . . . .	Number	 00000010h   
FORMAT_MESSAGE_ALLOCATE_BUFFER .	Number	 00000100h   
FORMAT_MESSAGE_FROM_SYSTEM . . .	Number	 00001000h   
FormatMessage  . . . . . . . . .	Text   	 FormatMessageA
GENERIC_ALL  . . . . . . . . . .	Number	 10000000h   
GENERIC_EXECUTE  . . . . . . . .	Number	 20000000h   
GENERIC_READ . . . . . . . . . .	Number	 -80000000h   
GENERIC_WRITE  . . . . . . . . .	Number	 40000000h   
GetCommandLine . . . . . . . . .	Text   	 GetCommandLineA
HANDLE . . . . . . . . . . . . .	Text   	 DWORD
HEAP_GENERATE_EXCEPTIONS . . . .	Number	 00000004h   
HEAP_GROWABLE  . . . . . . . . .	Number	 00000002h   
HEAP_NO_SERIALIZE  . . . . . . .	Number	 00000001h   
HEAP_REALLOC_IN_PLACE_ONLY . . .	Number	 00000010h   
HEAP_ZERO_MEMORY . . . . . . . .	Number	 00000008h   
IDABORT  . . . . . . . . . . . .	Number	 00000003h   
IDCANCEL . . . . . . . . . . . .	Number	 00000002h   
IDCLOSE  . . . . . . . . . . . .	Number	 00000008h   
IDCONTINUE . . . . . . . . . . .	Number	 0000000Bh   
IDHELP . . . . . . . . . . . . .	Number	 00000009h   
IDIGNORE . . . . . . . . . . . .	Number	 00000005h   
IDNO . . . . . . . . . . . . . .	Number	 00000007h   
IDOK . . . . . . . . . . . . . .	Number	 00000001h   
IDRETRY  . . . . . . . . . . . .	Number	 00000004h   
IDTIMEOUT  . . . . . . . . . . .	Number	 00007D00h   
IDTRYAGAIN . . . . . . . . . . .	Number	 0000000Ah   
IDYES  . . . . . . . . . . . . .	Number	 00000006h   
INT_COUNT  . . . . . . . . . . .	Number	 0000000Ah   
INVALID_HANDLE_VALUE . . . . . .	Number	 -00000001h   
KBDOWN_FLAG  . . . . . . . . . .	Number	 00000001h   
KEY_EVENT  . . . . . . . . . . .	Number	 00000001h   
KEY_MASKS  . . . . . . . . . . .	Number	 0000001Fh   
LEFT_ALT_PRESSED . . . . . . . .	Number	 00000002h   
LEFT_CTRL_PRESSED  . . . . . . .	Number	 00000008h   
MB_ABORTRETRYIGNORE  . . . . . .	Number	 00000002h   
MB_APPLMODAL . . . . . . . . . .	Number	 00000000h   
MB_CANCELTRYCONTINUE . . . . . .	Number	 00000006h   
MB_DEFBUTTON1  . . . . . . . . .	Number	 00000000h   
MB_DEFBUTTON2  . . . . . . . . .	Number	 00000100h   
MB_DEFBUTTON3  . . . . . . . . .	Number	 00000200h   
MB_DEFBUTTON4  . . . . . . . . .	Number	 00000300h   
MB_HELP  . . . . . . . . . . . .	Number	 00004000h   
MB_ICONASTERISK  . . . . . . . .	Number	 00000040h   
MB_ICONERROR . . . . . . . . . .	Number	 00000010h   
MB_ICONEXCLAMATION . . . . . . .	Number	 00000030h   
MB_ICONHAND  . . . . . . . . . .	Number	 00000010h   
MB_ICONINFORMATION . . . . . . .	Number	 00000040h   
MB_ICONQUESTION  . . . . . . . .	Number	 00000020h   
MB_ICONSTOP  . . . . . . . . . .	Number	 00000010h   
MB_ICONWARNING . . . . . . . . .	Number	 00000030h   
MB_OKCANCEL  . . . . . . . . . .	Number	 00000001h   
MB_OK  . . . . . . . . . . . . .	Number	 00000000h   
MB_RETRYCANCEL . . . . . . . . .	Number	 00000005h   
MB_SYSTEMMODAL . . . . . . . . .	Number	 00001000h   
MB_TASKMODAL . . . . . . . . . .	Number	 00002000h   
MB_USERICON  . . . . . . . . . .	Number	 00000080h   
MB_YESNOCANCEL . . . . . . . . .	Number	 00000003h   
MB_YESNO . . . . . . . . . . . .	Number	 00000004h   
MENU_EVENT . . . . . . . . . . .	Number	 00000008h   
MOUSE_EVENT  . . . . . . . . . .	Number	 00000002h   
MessageBox . . . . . . . . . . .	Text   	 MessageBoxA
NULL . . . . . . . . . . . . . .	Number	 00000000h   
NUMLOCK_ON . . . . . . . . . . .	Number	 00000020h   
OPEN_ALWAYS  . . . . . . . . . .	Number	 00000004h   
OPEN_EXISTING  . . . . . . . . .	Number	 00000003h   
PeekConsoleInput . . . . . . . .	Text   	 PeekConsoleInputA
RIGHT_ALT_PRESSED  . . . . . . .	Number	 00000001h   
RIGHT_CTRL_PRESSED . . . . . . .	Number	 00000004h   
ReadConsoleInput . . . . . . . .	Text   	 ReadConsoleInputA
ReadConsole  . . . . . . . . . .	Text   	 ReadConsoleA
SCROLLLOCK_ON  . . . . . . . . .	Number	 00000040h   
SHIFT_MASK . . . . . . . . . . .	Number	 00000010h   
SHIFT_PRESSED  . . . . . . . . .	Number	 00000010h   
STD_ERROR_HANDLE . . . . . . . .	Number	 -0000000Ch   
STD_INPUT_HANDLE . . . . . . . .	Number	 -0000000Ah   
STD_OUTPUT_HANDLE  . . . . . . .	Number	 -0000000Bh   
SetConsoleTitle  . . . . . . . .	Text   	 SetConsoleTitleA
TAB  . . . . . . . . . . . . . .	Number	 00000009h   
TRUE . . . . . . . . . . . . . .	Number	 00000001h   
TRUNCATE_EXISTING  . . . . . . .	Number	 00000005h   
VK_11  . . . . . . . . . . . . .	Number	 000000BDh   
VK_12  . . . . . . . . . . . . .	Number	 000000BBh   
VK_ADD . . . . . . . . . . . . .	Number	 0000006Bh   
VK_BACK  . . . . . . . . . . . .	Number	 00000008h   
VK_CANCEL  . . . . . . . . . . .	Number	 00000003h   
VK_CAPITAL . . . . . . . . . . .	Number	 00000014h   
VK_CLEAR . . . . . . . . . . . .	Number	 0000000Ch   
VK_CONTROL . . . . . . . . . . .	Number	 00000011h   
VK_DECIMAL . . . . . . . . . . .	Number	 0000006Eh   
VK_DELETE  . . . . . . . . . . .	Number	 0000002Eh   
VK_DIVIDE  . . . . . . . . . . .	Number	 0000006Fh   
VK_DOWN  . . . . . . . . . . . .	Number	 00000028h   
VK_END . . . . . . . . . . . . .	Number	 00000023h   
VK_ESCAPE  . . . . . . . . . . .	Number	 0000001Bh   
VK_EXECUTE . . . . . . . . . . .	Number	 0000002Bh   
VK_F10 . . . . . . . . . . . . .	Number	 00000079h   
VK_F11 . . . . . . . . . . . . .	Number	 0000007Ah   
VK_F12 . . . . . . . . . . . . .	Number	 0000007Bh   
VK_F13 . . . . . . . . . . . . .	Number	 0000007Ch   
VK_F14 . . . . . . . . . . . . .	Number	 0000007Dh   
VK_F15 . . . . . . . . . . . . .	Number	 0000007Eh   
VK_F16 . . . . . . . . . . . . .	Number	 0000007Fh   
VK_F17 . . . . . . . . . . . . .	Number	 00000080h   
VK_F18 . . . . . . . . . . . . .	Number	 00000081h   
VK_F19 . . . . . . . . . . . . .	Number	 00000082h   
VK_F1  . . . . . . . . . . . . .	Number	 00000070h   
VK_F20 . . . . . . . . . . . . .	Number	 00000083h   
VK_F21 . . . . . . . . . . . . .	Number	 00000084h   
VK_F22 . . . . . . . . . . . . .	Number	 00000085h   
VK_F23 . . . . . . . . . . . . .	Number	 00000086h   
VK_F24 . . . . . . . . . . . . .	Number	 00000087h   
VK_F2  . . . . . . . . . . . . .	Number	 00000071h   
VK_F3  . . . . . . . . . . . . .	Number	 00000072h   
VK_F4  . . . . . . . . . . . . .	Number	 00000073h   
VK_F5  . . . . . . . . . . . . .	Number	 00000074h   
VK_F6  . . . . . . . . . . . . .	Number	 00000075h   
VK_F7  . . . . . . . . . . . . .	Number	 00000076h   
VK_F8  . . . . . . . . . . . . .	Number	 00000077h   
VK_F9  . . . . . . . . . . . . .	Number	 00000078h   
VK_HELP  . . . . . . . . . . . .	Number	 0000002Fh   
VK_HOME  . . . . . . . . . . . .	Number	 00000024h   
VK_INSERT  . . . . . . . . . . .	Number	 0000002Dh   
VK_LBUTTON . . . . . . . . . . .	Number	 00000001h   
VK_LCONTROL  . . . . . . . . . .	Number	 000000A2h   
VK_LEFT  . . . . . . . . . . . .	Number	 00000025h   
VK_LMENU . . . . . . . . . . . .	Number	 000000A4h   
VK_LSHIFT  . . . . . . . . . . .	Number	 000000A0h   
VK_MENU  . . . . . . . . . . . .	Number	 00000012h   
VK_MULTIPLY  . . . . . . . . . .	Number	 0000006Ah   
VK_NEXT  . . . . . . . . . . . .	Number	 00000022h   
VK_NUMLOCK . . . . . . . . . . .	Number	 00000090h   
VK_NUMPAD0 . . . . . . . . . . .	Number	 00000060h   
VK_NUMPAD1 . . . . . . . . . . .	Number	 00000061h   
VK_NUMPAD2 . . . . . . . . . . .	Number	 00000062h   
VK_NUMPAD3 . . . . . . . . . . .	Number	 00000063h   
VK_NUMPAD4 . . . . . . . . . . .	Number	 00000064h   
VK_NUMPAD5 . . . . . . . . . . .	Number	 00000065h   
VK_NUMPAD6 . . . . . . . . . . .	Number	 00000066h   
VK_NUMPAD7 . . . . . . . . . . .	Number	 00000067h   
VK_NUMPAD8 . . . . . . . . . . .	Number	 00000068h   
VK_NUMPAD9 . . . . . . . . . . .	Number	 00000069h   
VK_PAUSE . . . . . . . . . . . .	Number	 00000013h   
VK_PRINT . . . . . . . . . . . .	Number	 0000002Ah   
VK_PRIOR . . . . . . . . . . . .	Number	 00000021h   
VK_RBUTTON . . . . . . . . . . .	Number	 00000002h   
VK_RCONTROL  . . . . . . . . . .	Number	 000000A3h   
VK_RETURN  . . . . . . . . . . .	Number	 0000000Dh   
VK_RIGHT . . . . . . . . . . . .	Number	 00000027h   
VK_RMENU . . . . . . . . . . . .	Number	 000000A5h   
VK_RSHIFT  . . . . . . . . . . .	Number	 000000A1h   
VK_SCROLL  . . . . . . . . . . .	Number	 00000091h   
VK_SEPARATER . . . . . . . . . .	Number	 0000006Ch   
VK_SHIFT . . . . . . . . . . . .	Number	 00000010h   
VK_SNAPSHOT  . . . . . . . . . .	Number	 0000002Ch   
VK_SPACE . . . . . . . . . . . .	Number	 00000020h   
VK_SUBTRACT  . . . . . . . . . .	Number	 0000006Dh   
VK_TAB . . . . . . . . . . . . .	Number	 00000009h   
VK_UP  . . . . . . . . . . . . .	Number	 00000026h   
WINDOW_BUFFER_SIZE_EVENT . . . .	Number	 00000004h   
WriteConsoleOutputCharacter  . .	Text   	 WriteConsoleOutputCharacterA
WriteConsole . . . . . . . . . .	Text   	 WriteConsoleA
black  . . . . . . . . . . . . .	Number	 00000000h   
blank  . . . . . . . . . . . . .	DWord	 000002CA _DATA	
blue . . . . . . . . . . . . . .	Number	 00000001h   
brown  . . . . . . . . . . . . .	Number	 00000006h   
byeMsg . . . . . . . . . . . . .	Byte	 00000261 _DATA	
cyan . . . . . . . . . . . . . .	Number	 00000003h   
enteredMsg . . . . . . . . . . .	Byte	 000001EF _DATA	
errorMsg . . . . . . . . . . . .	Byte	 000001AB _DATA	
exit . . . . . . . . . . . . . .	Text   	 INVOKE ExitProcess,0
gray . . . . . . . . . . . . . .	Number	 00000008h   
green  . . . . . . . . . . . . .	Number	 00000002h   
index  . . . . . . . . . . . . .	DWord	 000002C6 _DATA	
intArray . . . . . . . . . . . .	DWord	 00000292 _DATA	
intAvg . . . . . . . . . . . . .	DWord	 000002BE _DATA	
intInstruct  . . . . . . . . . .	Byte	 0000003A _DATA	
intPromptMsg . . . . . . . . . .	Byte	 00000198 _DATA	
intSum . . . . . . . . . . . . .	DWord	 000002BA _DATA	
introMsg . . . . . . . . . . . .	Byte	 00000000 _DATA	
lightBlue  . . . . . . . . . . .	Number	 00000009h   
lightCyan  . . . . . . . . . . .	Number	 0000000Bh   
lightGray  . . . . . . . . . . .	Number	 00000007h   
lightGreen . . . . . . . . . . .	Number	 0000000Ah   
lightMagenta . . . . . . . . . .	Number	 0000000Dh   
lightRed . . . . . . . . . . . .	Number	 0000000Ch   
lineNum  . . . . . . . . . . . .	DWord	 000002C2 _DATA	
magenta  . . . . . . . . . . . .	Number	 00000005h   
period . . . . . . . . . . . . .	Byte	 0000028F _DATA	
red  . . . . . . . . . . . . . .	Number	 00000004h   
spacer . . . . . . . . . . . . .	Byte	 0000028C _DATA	
stringCount  . . . . . . . . . .	DWord	 000002CE _DATA	
subtotalMsg  . . . . . . . . . .	Byte	 000001D5 _DATA	
sumMsg . . . . . . . . . . . . .	Byte	 00000215 _DATA	
truncAvgMsg  . . . . . . . . . .	Byte	 00000234 _DATA	
white  . . . . . . . . . . . . .	Number	 0000000Fh   
wsprintf . . . . . . . . . . . .	Text   	 wsprintfA
yellow . . . . . . . . . . . . .	Number	 0000000Eh   

	   0 Warnings
	   0 Errors
